[jvdninternational.com/index.html]
[backblue.gif]
[fade.gif]
[index.html]
[jvdninternational.com/assets/img/logo/ficon.png]
[jvdninternational.com/assets/css/bootstrap.min.css]
[jvdninternational.com/assets/css/fontawesome-all.css]
[jvdninternational.com/assets/css/flaticon.css]
[jvdninternational.com/assets/css/jquery-ui.css]
[jvdninternational.com/assets/css/animate.css]
[jvdninternational.com/assets/css/nice-select.css]
[jvdninternational.com/assets/css/slick.css]
[jvdninternational.com/assets/css/rs6.css]
[jvdninternational.com/assets/css/slick-theme.css]
[jvdninternational.com/assets/css/style.css]
[cdnjs.cloudflare.com/ajax/libs/OwlCarousel2/2.3.4/assets/owl.carousel.min.css]
[cdnjs.cloudflare.com/ajax/libs/OwlCarousel2/2.3.4/assets/owl.theme.default.css]
[jvdninternational.com/index-2.html]
[jvdninternational.com/assets/img/logo/logo.png]
[jvdninternational.com/about.html]
[jvdninternational.com/team.html]
[jvdninternational.com/product.html]
[jvdninternational.com/supplier.html]
[jvdninternational.com/affiliations.html]
[jvdninternational.com/contact.html]
[jvdninternational.com/assets/slider1.png]
[jvdninternational.com/assets/container-slide-1.png]
[jvdninternational.com/assets/slider2.png]
[jvdninternational.com/assets/container-slide-2.png]
[jvdninternational.com/assets/slider3.png]
[jvdninternational.com/assets/quality-slide3.png]
[jvdninternational.com/assets/slider4.png]
[jvdninternational.com/assets/me-slider4.png]
[jvdninternational.com/assets/img/shape/ab-sh1.png]
[jvdninternational.com/assets/img/shape/ab-sh2.png]
[jvdninternational.com/assets/img/about/About.jpg]
[jvdninternational.com/assets/img/bg/shape-bg.jpg]
[jvdninternational.com/assets/img/bg/map.png]
[jvdninternational.com/assets/img/bg/ser-bg.png]
[jvdninternational.com/assets/img/bg/product.png]
[jvdninternational.com/assets/img/portfolio2.png]
[jvdninternational.com/assets/img/portfolio3.png]
[jvdninternational.com/assets/img/portfolio1.png]
[jvdninternational.com/assets/img/client/client53.jpg]
[jvdninternational.com/assets/img/client/client54.jpg]
[jvdninternational.com/assets/img/client/client55.jpg]
[jvdninternational.com/assets/img/client/client56.jpg]
[jvdninternational.com/assets/img/client/client57.jpg]
[jvdninternational.com/assets/img/client/client58.jpg]
[jvdninternational.com/assets/img/client/client59.jpg]
[jvdninternational.com/assets/img/client/client60.jpg]
[jvdninternational.com/assets/img/bg/f-bg.png]
[ajax.googleapis.com/ajax/libs/jquery/3.5.1/jquery.min.js]
[maxcdn.bootstrapcdn.com/bootstrap/3.4.1/js/bootstrap.min.js]
[translate.google.com/translate_a/elementa0d8.js]
[jvdninternational.com/assets/js/jquery.min.js]
[jvdninternational.com/assets/js/bootstrap.min.js]
[jvdninternational.com/assets/js/slick.js]
[jvdninternational.com/assets/js/jquery.counterup.min.js]
[jvdninternational.com/assets/js/waypoints.min.js]
[jvdninternational.com/assets/js/jquery.filterizr.js]
[jvdninternational.com/assets/js/wow.min.js]
[jvdninternational.com/assets/js/jquery.cssslider.min.js]
[jvdninternational.com/assets/js/rbtools.min.js]
[jvdninternational.com/assets/js/script.js]
[jvdninternational.com/index.html]
[jvdninternational.com/assets/css/bootstrap.min.css]
[jvdninternational.com/assets/fonts/fa-brands-400.ttf]
[jvdninternational.com/assets/js/rs6.min.js]
[jvdninternational.com/assets/fonts/fa-duotone-900.ttf]
[jvdninternational.com/assets/fonts/fa-light-300.ttf]
[jvdninternational.com/assets/css/fontawesome-all.css]
[jvdninternational.com/assets/fonts/flaticon813b813b.ttf]
[jvdninternational.com/assets/fonts/fa-solid-900.ttf]
[jvdninternational.com/assets/fonts/fa-regular-400.ttf]
[jvdninternational.com/assets/fonts/flaticon813b813b.woff]
[jvdninternational.com/assets/fonts/flaticon813b813b.woff2]
[jvdninternational.com/assets/fonts/flaticon813b813b.eot]
[jvdninternational.com/assets/css/flaticon.css]
[jvdninternational.com/assets/css/images/ui-icons_444444_256x240.html]
[jvdninternational.com/assets/fonts/flaticon813b813b.svg]
[jvdninternational.com/assets/css/images/ui-icons_555555_256x240.html]
[jvdninternational.com/assets/css/images/ui-icons_ffffff_256x240.html]
[jvdninternational.com/assets/css/images/ui-icons_777620_256x240.html]
[jvdninternational.com/assets/css/images/ui-icons_cc0000_256x240.html]
[jvdninternational.com/assets/css/images/ui-icons_777777_256x240.html]
[jvdninternational.com/assets/css/jquery-ui.css]
[jvdninternational.com/assets/css/animate.css]
[jvdninternational.com/assets/css/nice-select.css]
[jvdninternational.com/assets/css/slick.css]
[jvdninternational.com/assets/fonts/revicons/revicons90c690c6.eot]
[jvdninternational.com/assets/fonts/revicons/revicons90c690c6.woff]
[jvdninternational.com/assets/fonts/revicons/revicons90c690c6.ttf]
[jvdninternational.com/assets/fonts/revicons/revicons90c690c6.svg]
[jvdninternational.com/assets/css/openhand.html]
[jvdninternational.com/assets/css/closedhand.html]
[jvdninternational.com/assets/assets/gridtile.html]
[jvdninternational.com/assets/assets/gridtile_white.html]
[jvdninternational.com/assets/assets/gridtile_3x3.html]
[jvdninternational.com/assets/assets/gridtile_3x3_white.html]
[jvdninternational.com/assets/assets/coloredbg.html]
[jvdninternational.com/assets/css/rs6.css]
[jvdninternational.com/assets/assets/loader.html]
[jvdninternational.com/assets/css/slick-theme.css]
[jvdninternational.com/assets/img/loader.svg]
[jvdninternational.com/assets/css/style.css]
[cdnjs.cloudflare.com/ajax/libs/OwlCarousel2/2.3.4/assets/owl.video.play.png]
[cdnjs.cloudflare.com/ajax/libs/OwlCarousel2/2.3.4/assets/owl.carousel.min.css]
[cdnjs.cloudflare.com/ajax/libs/OwlCarousel2/2.3.4/assets/owl.theme.default.css]
[jvdninternational.com/index-2.html]
[jvdninternational.com/assets/img/shape/tmd-sh.png]
[jvdninternational.com/about.html]
[jvdninternational.com/supplier-2.html]
[jvdninternational.com/assets/img/team/Jayesh-jagetiya.jpg]
[jvdninternational.com/assets/img/team/Vanita-Jagetiya.jpg]
[jvdninternational.com/assets/img/team/nj.jpg]
[jvdninternational.com/assets/img/team/PRAVIN-GAWADE.jpg]
[jvdninternational.com/team.html]
[jvdninternational.com/assets/img/product/stationery.jpg]
[jvdninternational.com/assets/img/product/Cables-&-Wires.jpg]
[jvdninternational.com/assets/img/product/suger-industries-products.jpg]
[jvdninternational.com/assets/img/product/spices.jpg]
[jvdninternational.com/assets/img/product/processed-food.jpg]
[jvdninternational.com/assets/img/product/marble-&-granite.jpg]
[jvdninternational.com/assets/img/product/hardware-items.jpg]
[jvdninternational.com/assets/img/product/Full-Range-of-Tiles.jpg]
[jvdninternational.com/assets/img/product/Fabrics-&-Textiles.jpg]
[jvdninternational.com/assets/img/product/cosmetics.jpg]
[jvdninternational.com/assets/img/product/ayurvedik-products.jpg]
[jvdninternational.com/assets/img/product/footware.jpg]
[jvdninternational.com/assets/img/product/medicines.jpg]
[jvdninternational.com/assets/img/product/surgical-products.jpg]
[jvdninternational.com/assets/img/product/Engineering-Items.jpg]
[jvdninternational.com/assets/img/product/glass-&-Crockery.jpg]
[jvdninternational.com/assets/img/product/essential-household-iteams.jpg]
[jvdninternational.com/assets/img/product/life-style-products.jpg]
[jvdninternational.com/assets/img/product/paints.jpg]
[jvdninternational.com/assets/img/product/tea-industries.jpg]
[jvdninternational.com/assets/img/product/sportsware.jpg]
[jvdninternational.com/assets/img/product/plywood.jpg]
[jvdninternational.com/assets/img/product/Food-&-Beverages.jpg]
[jvdninternational.com/assets/img/product/garments.jpg]
[jvdninternational.com/assets/img/product/vehicle-spares-parts.jpg]
[jvdninternational.com/assets/img/product/kitchen-appliences.jpg]
[jvdninternational.com/assets/img/product/Industrial-Saety-Equipments.jpg]
[jvdninternational.com/assets/img/product/Automobile,-Tyres-&-Spare-Parts.jpg]
[jvdninternational.com/assets/img/product/Sanitaryware-&-Bathroom-Fittings.jpg]
[jvdninternational.com/assets/img/product/irregation-pipes-&-system.jpg]
[jvdninternational.com/assets/img/product/construction-&-building-materials.jpg]
[jvdninternational.com/assets/img/product/Aluminium-Composite-Panels-&-Veneers.jpg]
[jvdninternational.com/assets/img/product/Construction-Equipments-and-Machines.jpg]
[jvdninternational.com/assets/img/product/Electrical-Items-&-Transmission-&-Distribution-Equipments.jpg]
[jvdninternational.com/assets/img/product/many-more-products.jpg]
[jvdninternational.com/product.html]
[site-assets.fontawesome.com/releases/v6.0.0/css/all.css]
[jvdninternational.com/assets/img/supplier/prd.jpg]
[jvdninternational.com/supplier.html]
[jvdninternational.com/assets/img/portfolio4.png]
[jvdninternational.com/assets/img/portfolio5.png]
[jvdninternational.com/assets/img/portfolio6.png]
[jvdninternational.com/assets/img/portfolio7.png]
[jvdninternational.com/assets/img/portfolio8.png]
[jvdninternational.com/assets/img/portfolio9.png]
[jvdninternational.com/assets/img/portfolio10.png]
[jvdninternational.com/assets/img/portfolio11.png]
[jvdninternational.com/affiliations.html]
[jvdninternational.com/contact.html]
[jvdninternational.com/assets/js/jquery.min.js]
[jvdninternational.com/assets/js/bootstrap.min.js]
[jvdninternational.com/assets/js/slick.js]
[jvdninternational.com/assets/js/jquery.counterup.min.js]
[jvdninternational.com/assets/js/waypoints.min.js]
[jvdninternational.com/assets/js/jquery.filterizr.js]
[jvdninternational.com/assets/js/wow.min.js]
[jvdninternational.com/assets/js/jquery.cssslider.min.js]
[jvdninternational.com/assets/js/rbtools.min.js]
[jvdninternational.com/dummy.png]
[jvdninternational.com/assets/js/rs6.min.js]
[jvdninternational.com/assets/js/script.js]
[jvdninternational.com/assets/fonts/flaticon813b813b.svg]
[jvdninternational.com/assets/css/images/ui-icons_444444_256x240.html]
[jvdninternational.com/assets/css/images/ui-icons_555555_256x240.html]
[jvdninternational.com/assets/css/images/ui-icons_ffffff_256x240.html]
[jvdninternational.com/assets/css/images/ui-icons_777620_256x240.html]
[jvdninternational.com/assets/css/images/ui-icons_cc0000_256x240.html]
[jvdninternational.com/assets/css/images/ui-icons_777777_256x240.html]
[jvdninternational.com/assets/fonts/revicons/revicons90c690c6.svg]
[jvdninternational.com/assets/css/openhand.html]
[jvdninternational.com/assets/css/closedhand.html]
[jvdninternational.com/assets/assets/gridtile.html]
[jvdninternational.com/origin=https_/index.html]
[jvdninternational.com/assets/assets/gridtile_white.html]
[jvdninternational.com/assets/assets/gridtile_3x3.html]
[jvdninternational.com/assets/assets/gridtile_3x3_white.html]
[jvdninternational.com/assets/assets/coloredbg.html]
[player.vimeo.com/api/player.js]
[jvdninternational.com/assets/assets/loader.html]
[jvdninternational.com/assets/img/loader.svg]
[jvdninternational.com/supplier-2.html]
[site-assets.fontawesome.com/releases/v6.0.0/css/all.css]
[jvdninternational.com/dummy.html]
[jvdninternational.com/origin=https_/index.html]
